Initialized native services in: /Users/yassineboulkaid/.gradle/native
Initialized jansi services in: /Users/yassineboulkaid/.gradle/native
